[pid  7917] newfstatat(AT_FDCWD, "/home/zp001/MyRepos/cpp_notes/misc/./fmtlib.cpp",  <unfinished ...>
[pid  7918] <... newfstatat resumed>{st_mode=S_IFREG|0644, st_size=215, ...}, 0) = 0
[pid  7917] <... newfstatat resumed>{st_mode=S_IFREG|0644, st_size=77, ...}, 0) = 0
[pid  7918] newfstatat(AT_FDCWD, "/home/zp001/MyRepos/cpp_notes/misc/./hello.cpp",  <unfinished ...>
[pid  7917] newfstatat(AT_FDCWD, "/home/zp001/MyRepos/cpp_notes/misc/./fmt_mem_buf.cpp",  <unfinished ...>
[pid  7918] <... newfstatat resumed>{st_mode=S_IFREG|0644, st_size=102, ...}, 0) = 0
[pid  7917] <... newfstatat resumed>{st_mode=S_IFREG|0644, st_size=397, ...}, 0) = 0
[pid  7918] newfstatat(AT_FDCWD, "/home/zp001/MyRepos/cpp_notes/misc/./hello.cpp",  <unfinished ...>
[pid  7917] newfstatat(AT_FDCWD, "/home/zp001/MyRepos/cpp_notes/misc/./fmt_mem_buf.cpp",  <unfinished ...>
[pid  7918] <... newfstatat resumed>{st_mode=S_IFREG|0644, st_size=102, ...}, 0) = 0
[pid  7917] <... newfstatat resumed>{st_mode=S_IFREG|0644, st_size=397, ...}, 0) = 0
[pid  7918] newfstatat(AT_FDCWD, "/home/zp001/MyRepos/cpp_notes/misc/./mysum.cpp",  <unfinished ...>
[pid  7917] newfstatat(AT_FDCWD, "/home/zp001/MyRepos/cpp_notes/misc/./header_test.cpp",  <unfinished ...>
[pid  7918] <... newfstatat resumed>{st_mode=S_IFREG|0644, st_size=512, ...}, 0) = 0
[pid  7917] <... newfstatat resumed>{st_mode=S_IFREG|0644, st_size=215, ...}, 0) = 0
[pid  7918] newfstatat(AT_FDCWD, "/home/zp001/MyRepos/cpp_notes/misc/./mysum.cpp",  <unfinished ...>
[pid  7917] newfstatat(AT_FDCWD, "/home/zp001/MyRepos/cpp_notes/misc/./header_test.cpp",  <unfinished ...>
[pid  7918] <... newfstatat resumed>{st_mode=S_IFREG|0644, st_size=512, ...}, 0) = 0
[pid  7917] <... newfstatat resumed>{st_mode=S_IFREG|0644, st_size=215, ...}, 0) = 0
[pid  7918] newfstatat(AT_FDCWD, "/home/zp001/MyRepos/cpp_notes/misc/./std_print.cpp",  <unfinished ...>
[pid  7917] newfstatat(AT_FDCWD, "/home/zp001/MyRepos/cpp_notes/misc/./hello.cpp",  <unfinished ...>
[pid  7918] <... newfstatat resumed>{st_mode=S_IFREG|0644, st_size=105, ...}, 0) = 0
[pid  7917] <... newfstatat resumed>{st_mode=S_IFREG|0644, st_size=102, ...}, 0) = 0
[pid  7918] newfstatat(AT_FDCWD, "/home/zp001/MyRepos/cpp_notes/misc/./std_print.cpp", {st_mode=S_IFREG|0644, st_size=105, ...}, 0) = 0
[pid  7917] newfstatat(AT_FDCWD, "/home/zp001/MyRepos/cpp_notes/misc/./hello.cpp",  <unfinished ...>
[pid  7918] newfstatat(AT_FDCWD, "/home/zp001/MyRepos/cpp_notes/misc/./temp_simplify.cpp",  <unfinished ...>
[pid  7917] <... newfstatat resumed>{st_mode=S_IFREG|0644, st_size=102, ...}, 0) = 0
[pid  7918] <... newfstatat resumed>{st_mode=S_IFREG|0644, st_size=168, ...}, 0) = 0
[pid  7918] newfstatat(AT_FDCWD, "/home/zp001/MyRepos/cpp_notes/misc/./temp_simplify.cpp",  <unfinished ...>
[pid  7917] newfstatat(AT_FDCWD, "/home/zp001/MyRepos/cpp_notes/misc/./mysum.cpp",  <unfinished ...>
[pid  7918] <... newfstatat resumed>{st_mode=S_IFREG|0644, st_size=168, ...}, 0) = 0
[pid  7917] <... newfstatat resumed>{st_mode=S_IFREG|0644, st_size=512, ...}, 0) = 0
[pid  7918] newfstatat(AT_FDCWD, "/home/zp001/MyRepos/cpp_notes/misc/./span.cpp",  <unfinished ...>
[pid  7917] newfstatat(AT_FDCWD, "/home/zp001/MyRepos/cpp_notes/misc/./mysum.cpp",  <unfinished ...>
[pid  7918] <... newfstatat resumed>{st_mode=S_IFREG|0644, st_size=508, ...}, 0) = 0
[pid  7917] <... newfstatat resumed>{st_mode=S_IFREG|0644, st_size=512, ...}, 0) = 0
[pid  7918] newfstatat(AT_FDCWD, "/home/zp001/MyRepos/cpp_notes/misc/./span.cpp",  <unfinished ...>
[pid  7917] newfstatat(AT_FDCWD, "/home/zp001/MyRepos/cpp_notes/misc/./std_print.cpp",  <unfinished ...>
[pid  7918] <... newfstatat resumed>{st_mode=S_IFREG|0644, st_size=508, ...}, 0) = 0
[pid  7917] <... newfstatat resumed>{st_mode=S_IFREG|0644, st_size=105, ...}, 0) = 0
[pid  7918] newfstatat(AT_FDCWD, "/home/zp001/MyRepos/cpp_notes/misc/./\346\216\250\345\257\274\346\214\207\345\274\225.md",  <unfinished ...>
[pid  7917] newfstatat(AT_FDCWD, "/home/zp001/MyRepos/cpp_notes/misc/./std_print.cpp",  <unfinished ...>
[pid  7918] <... newfstatat resumed>{st_mode=S_IFREG|0644, st_size=160, ...}, 0) = 0
[pid  7917] <... newfstatat resumed>{st_mode=S_IFREG|0644, st_size=105, ...}, 0) = 0
[pid  7918] newfstatat(AT_FDCWD, "/home/zp001/MyRepos/cpp_notes/misc/./\346\216\250\345\257\274\346\214\207\345\274\225.md",  <unfinished ...>
[pid  7917] newfstatat(AT_FDCWD, "/home/zp001/MyRepos/cpp_notes/misc/./temp_simplify.cpp",  <unfinished ...>
[pid  7918] <... newfstatat resumed>{st_mode=S_IFREG|0644, st_size=160, ...}, 0) = 0
[pid  7917] <... newfstatat resumed>{st_mode=S_IFREG|0644, st_size=168, ...}, 0) = 0
[pid  7918] newfstatat(AT_FDCWD, "/home/zp001/MyRepos/cpp_notes/misc/./inline_ns.cpp",  <unfinished ...>
[pid  7917] newfstatat(AT_FDCWD, "/home/zp001/MyRepos/cpp_notes/misc/./temp_simplify.cpp",  <unfinished ...>
[pid  7918] <... newfstatat resumed>{st_mode=S_IFREG|0644, st_size=705, ...}, 0) = 0
[pid  7917] <... newfstatat resumed>{st_mode=S_IFREG|0644, st_size=168, ...}, 0) = 0
[pid  7918] newfstatat(AT_FDCWD, "/home/zp001/MyRepos/cpp_notes/misc/./inline_ns.cpp",  <unfinished ...>
[pid  7917] newfstatat(AT_FDCWD, "/home/zp001/MyRepos/cpp_notes/misc/./span.cpp",  <unfinished ...>
[pid  7918] <... newfstatat resumed>{st_mode=S_IFREG|0644, st_size=705, ...}, 0) = 0
[pid  7917] <... newfstatat resumed>{st_mode=S_IFREG|0644, st_size=508, ...}, 0) = 0
[pid  7918] newfstatat(AT_FDCWD, "/home/zp001/MyRepos/cpp_notes/misc/./.clang-format",  <unfinished ...>
[pid  7917] newfstatat(AT_FDCWD, "/home/zp001/MyRepos/cpp_notes/misc/./span.cpp",  <unfinished ...>
[pid  7918] <... newfstatat resumed>{st_mode=S_IFREG|0644, st_size=6169, ...}, 0) = 0
[pid  7917] <... newfstatat resumed>{st_mode=S_IFREG|0644, st_size=508, ...}, 0) = 0
[pid  7918] newfstatat(AT_FDCWD, "/home/zp001/MyRepos/cpp_notes/misc/./.clang-format",  <unfinished ...>
[pid  7917] newfstatat(AT_FDCWD, "/home/zp001/MyRepos/cpp_notes/misc/./\346\216\250\345\257\274\346\214\207\345\274\225.md",  <unfinished ...>
[pid  7918] <... newfstatat resumed>{st_mode=S_IFREG|0644, st_size=6169, ...}, 0) = 0
[pid  7917] <... newfstatat resumed>{st_mode=S_IFREG|0644, st_size=160, ...}, 0) = 0
[pid  7918] newfstatat(AT_FDCWD, "/home/zp001/MyRepos/cpp_notes/misc/./Makefile",  <unfinished ...>
[pid  7917] newfstatat(AT_FDCWD, "/home/zp001/MyRepos/cpp_notes/misc/./\346\216\250\345\257\274\346\214\207\345\274\225.md",  <unfinished ...>
[pid  7918] <... newfstatat resumed>{st_mode=S_IFREG|0644, st_size=743, ...}, 0) = 0
[pid  7917] <... newfstatat resumed>{st_mode=S_IFREG|0644, st_size=160, ...}, 0) = 0
[pid  7918] newfstatat(AT_FDCWD, "/home/zp001/MyRepos/cpp_notes/misc/./Makefile",  <unfinished ...>
[pid  7917] newfstatat(AT_FDCWD, "/home/zp001/MyRepos/cpp_notes/misc/./inline_ns.cpp",  <unfinished ...>
[pid  7918] <... newfstatat resumed>{st_mode=S_IFREG|0644, st_size=743, ...}, 0) = 0
[pid  7917] <... newfstatat resumed>{st_mode=S_IFREG|0644, st_size=705, ...}, 0) = 0
[pid  7918] newfstatat(AT_FDCWD, "/home/zp001/MyRepos/cpp_notes/misc/./align",  <unfinished ...>
[pid  7917] newfstatat(AT_FDCWD, "/home/zp001/MyRepos/cpp_notes/misc/./inline_ns.cpp",  <unfinished ...>
[pid  7918] <... newfstatat resumed>{st_mode=S_IFREG|0755, st_size=18008, ...}, 0) = 0
[pid  7917] <... newfstatat resumed>{st_mode=S_IFREG|0644, st_size=705, ...}, 0) = 0
[pid  7918] newfstatat(AT_FDCWD, "/home/zp001/MyRepos/cpp_notes/misc/./align",  <unfinished ...>
[pid  7917] newfstatat(AT_FDCWD, "/home/zp001/MyRepos/cpp_notes/misc/./.clang-format",  <unfinished ...>
[pid  7918] <... newfstatat resumed>{st_mode=S_IFREG|0755, st_size=18008, ...}, 0) = 0
[pid  7917] <... newfstatat resumed>{st_mode=S_IFREG|0644, st_size=6169, ...}, 0) = 0
[pid  7918] newfstatat(AT_FDCWD, "/home/zp001/MyRepos/cpp_notes/misc/./align.cpp",  <unfinished ...>
[pid  7917] newfstatat(AT_FDCWD, "/home/zp001/MyRepos/cpp_notes/misc/./.clang-format",  <unfinished ...>
[pid  7918] <... newfstatat resumed>{st_mode=S_IFREG|0644, st_size=289, ...}, 0) = 0
[pid  7917] <... newfstatat resumed>{st_mode=S_IFREG|0644, st_size=6169, ...}, 0) = 0
[pid  7918] newfstatat(AT_FDCWD, "/home/zp001/MyRepos/cpp_notes/misc/./align.cpp",  <unfinished ...>
[pid  7917] newfstatat(AT_FDCWD, "/home/zp001/MyRepos/cpp_notes/misc/./Makefile",  <unfinished ...>
[pid  7918] <... newfstatat resumed>{st_mode=S_IFREG|0644, st_size=289, ...}, 0) = 0
[pid  7917] <... newfstatat resumed>{st_mode=S_IFREG|0644, st_size=743, ...}, 0) = 0
[pid  7918] newfstatat(AT_FDCWD, "/home/zp001/MyRepos/cpp_notes/misc/./align.o",  <unfinished ...>
[pid  7917] newfstatat(AT_FDCWD, "/home/zp001/MyRepos/cpp_notes/misc/./Makefile",  <unfinished ...>
[pid  7918] <... newfstatat resumed>{st_mode=S_IFREG|0644, st_size=4120, ...}, 0) = 0
[pid  7917] <... newfstatat resumed>{st_mode=S_IFREG|0644, st_size=743, ...}, 0) = 0
[pid  7918] newfstatat(AT_FDCWD, "/home/zp001/MyRepos/cpp_notes/misc/./align.o",  <unfinished ...>
[pid  7917] newfstatat(AT_FDCWD, "/home/zp001/MyRepos/cpp_notes/misc/./align",  <unfinished ...>
[pid  7918] <... newfstatat resumed>{st_mode=S_IFREG|0644, st_size=4120, ...}, 0) = 0
[pid  7917] <... newfstatat resumed>{st_mode=S_IFREG|0755, st_size=18008, ...}, 0) = 0
[pid  7918] newfstatat(AT_FDCWD, "/home/zp001/MyRepos/cpp_notes/misc/./compile_commands.json",  <unfinished ...>
[pid  7917] newfstatat(AT_FDCWD, "/home/zp001/MyRepos/cpp_notes/misc/./align",  <unfinished ...>
[pid  7918] <... newfstatat resumed>{st_mode=S_IFREG|0644, st_size=333, ...}, 0) = 0
[pid  7917] <... newfstatat resumed>{st_mode=S_IFREG|0755, st_size=18008, ...}, 0) = 0
[pid  7918] newfstatat(AT_FDCWD, "/home/zp001/MyRepos/cpp_notes/misc/./compile_commands.json",  <unfinished ...>
[pid  7917] newfstatat(AT_FDCWD, "/home/zp001/MyRepos/cpp_notes/misc/./align.cpp",  <unfinished ...>
[pid  7918] <... newfstatat resumed>{st_mode=S_IFREG|0644, st_size=333, ...}, 0) = 0
[pid  7917] <... newfstatat resumed>{st_mode=S_IFREG|0644, st_size=289, ...}, 0) = 0
[pid  7918] newfstatat(AT_FDCWD, "/home/zp001/MyRepos/cpp_notes/misc/./flags.c",  <unfinished ...>
[pid  7917] newfstatat(AT_FDCWD, "/home/zp001/MyRepos/cpp_notes/misc/./align.cpp",  <unfinished ...>
[pid  7918] <... newfstatat resumed>{st_mode=S_IFREG|0644, st_size=333, ...}, 0) = 0
[pid  7917] <... newfstatat resumed>{st_mode=S_IFREG|0644, st_size=289, ...}, 0) = 0
[pid  7918] newfstatat(AT_FDCWD, "/home/zp001/MyRepos/cpp_notes/misc/./flags.c",  <unfinished ...>
[pid  7917] newfstatat(AT_FDCWD, "/home/zp001/MyRepos/cpp_notes/misc/./align.o",  <unfinished ...>
[pid  7918] <... newfstatat resumed>{st_mode=S_IFREG|0644, st_size=333, ...}, 0) = 0
[pid  7917] <... newfstatat resumed>{st_mode=S_IFREG|0644, st_size=4120, ...}, 0) = 0
[pid  7918] newfstatat(AT_FDCWD, "/home/zp001/MyRepos/cpp_notes/misc/./fsync1.cpp",  <unfinished ...>
[pid  7917] newfstatat(AT_FDCWD, "/home/zp001/MyRepos/cpp_notes/misc/./align.o",  <unfinished ...>
[pid  7918] <... newfstatat resumed>{st_mode=S_IFREG|0644, st_size=755, ...}, 0) = 0
[pid  7917] <... newfstatat resumed>{st_mode=S_IFREG|0644, st_size=4120, ...}, 0) = 0
[pid  7918] newfstatat(AT_FDCWD, "/home/zp001/MyRepos/cpp_notes/misc/./fsync1.cpp",  <unfinished ...>
[pid  7917] newfstatat(AT_FDCWD, "/home/zp001/MyRepos/cpp_notes/misc/./compile_commands.json",  <unfinished ...>
[pid  7918] <... newfstatat resumed>{st_mode=S_IFREG|0644, st_size=755, ...}, 0) = 0
[pid  7917] <... newfstatat resumed>{st_mode=S_IFREG|0644, st_size=333, ...}, 0) = 0
[pid  7918] newfstatat(AT_FDCWD, "/home/zp001/MyRepos/cpp_notes/misc/./get_kernel_ver.c",  <unfinished ...>
[pid  7917] newfstatat(AT_FDCWD, "/home/zp001/MyRepos/cpp_notes/misc/./compile_commands.json",  <unfinished ...>
[pid  7918] <... newfstatat resumed>{st_mode=S_IFREG|0644, st_size=878, ...}, 0) = 0
[pid  7917] <... newfstatat resumed>{st_mode=S_IFREG|0644, st_size=333, ...}, 0) = 0
[pid  7918] newfstatat(AT_FDCWD, "/home/zp001/MyRepos/cpp_notes/misc/./get_kernel_ver.c",  <unfinished ...>
[pid  7917] newfstatat(AT_FDCWD, "/home/zp001/MyRepos/cpp_notes/misc/./flags.c",  <unfinished ...>
[pid  7918] <... newfstatat resumed>{st_mode=S_IFREG|0644, st_size=878, ...}, 0) = 0
[pid  7917] <... newfstatat resumed>{st_mode=S_IFREG|0644, st_size=333, ...}, 0) = 0
[pid  7918] newfstatat(AT_FDCWD, "/home/zp001/MyRepos/cpp_notes/misc/./misc.cpp",  <unfinished ...>
[pid  7917] newfstatat(AT_FDCWD, "/home/zp001/MyRepos/cpp_notes/misc/./flags.c",  <unfinished ...>
[pid  7918] <... newfstatat resumed>{st_mode=S_IFREG|0644, st_size=901, ...}, 0) = 0
[pid  7917] <... newfstatat resumed>{st_mode=S_IFREG|0644, st_size=333, ...}, 0) = 0
[pid  7918] newfstatat(AT_FDCWD, "/home/zp001/MyRepos/cpp_notes/misc/./misc.cpp",  <unfinished ...>
[pid  7917] newfstatat(AT_FDCWD, "/home/zp001/MyRepos/cpp_notes/misc/./fsync1.cpp",  <unfinished ...>
[pid  7918] <... newfstatat resumed>{st_mode=S_IFREG|0644, st_size=901, ...}, 0) = 0
[pid  7917] <... newfstatat resumed>{st_mode=S_IFREG|0644, st_size=755, ...}, 0) = 0
[pid  7918] newfstatat(AT_FDCWD, "/home/zp001/MyRepos/cpp_notes/misc/./inline.cpp",  <unfinished ...>
[pid  7917] newfstatat(AT_FDCWD, "/home/zp001/MyRepos/cpp_notes/misc/./fsync1.cpp",  <unfinished ...>
[pid  7918] <... newfstatat resumed>{st_mode=S_IFREG|0644, st_size=133, ...}, 0) = 0
[pid  7917] <... newfstatat resumed>{st_mode=S_IFREG|0644, st_size=755, ...}, 0) = 0
[pid  7918] newfstatat(AT_FDCWD, "/home/zp001/MyRepos/cpp_notes/misc/./inline.cpp",  <unfinished ...>
[pid  7917] newfstatat(AT_FDCWD, "/home/zp001/MyRepos/cpp_notes/misc/./get_kernel_ver.c",  <unfinished ...>
[pid  7918] <... newfstatat resumed>{st_mode=S_IFREG|0644, st_size=133, ...}, 0) = 0
[pid  7917] <... newfstatat resumed>{st_mode=S_IFREG|0644, st_size=878, ...}, 0) = 0
[pid  7918] newfstatat(AT_FDCWD, "/home/zp001/MyRepos/cpp_notes/misc/./inline.c",  <unfinished ...>
[pid  7917] newfstatat(AT_FDCWD, "/home/zp001/MyRepos/cpp_notes/misc/./get_kernel_ver.c",  <unfinished ...>
[pid  7918] <... newfstatat resumed>{st_mode=S_IFREG|0644, st_size=162, ...}, 0) = 0
[pid  7917] <... newfstatat resumed>{st_mode=S_IFREG|0644, st_size=878, ...}, 0) = 0
[pid  7918] newfstatat(AT_FDCWD, "/home/zp001/MyRepos/cpp_notes/misc/./inline.c",  <unfinished ...>
[pid  7917] write(1, "cpp_notes/misc/./ref_type.cpp 75"..., 4096 <unfinished ...>
[pid  7918] <... newfstatat resumed>{st_mode=S_IFREG|0644, st_size=162, ...}, 0) = 0
[pid  7917] <... write resumed>)        = 4096
[pid  7918] futex(0x7f01fb317710, FUTEX_WAIT_PRIVATE, 2, NULL <unfinished ...>
[pid  7917] futex(0x7f01fb317710, FUTEX_WAKE_PRIVATE, 1 <unfinished ...>
[pid  7918] <... futex resumed>)        = -1 EAGAIN (Resource temporarily unavailable)
[pid  7917] <... futex resumed>)        = 0
[pid  7918] futex(0x7f01fb317710, FUTEX_WAKE_PRIVATE, 1 <unfinished ...>
[pid  7917] newfstatat(AT_FDCWD, "/home/zp001/MyRepos/cpp_notes/misc/./misc.cpp",  <unfinished ...>
[pid  7918] <... futex resumed>)        = 0
[pid  7917] <... newfstatat resumed>{st_mode=S_IFREG|0644, st_size=901, ...}, 0) = 0
[pid  7918] newfstatat(AT_FDCWD, "/home/zp001/MyRepos/cpp_notes/misc/./inline.h",  <unfinished ...>
[pid  7917] newfstatat(AT_FDCWD, "/home/zp001/MyRepos/cpp_notes/misc/./misc.cpp",  <unfinished ...>
[pid  7918] <... newfstatat resumed>{st_mode=S_IFREG|0644, st_size=44, ...}, 0) = 0
[pid  7917] <... newfstatat resumed>{st_mode=S_IFREG|0644, st_size=901, ...}, 0) = 0
[pid  7918] newfstatat(AT_FDCWD, "/home/zp001/MyRepos/cpp_notes/misc/./inline.h",  <unfinished ...>
[pid  7917] newfstatat(AT_FDCWD, "/home/zp001/MyRepos/cpp_notes/misc/./inline.cpp",  <unfinished ...>
[pid  7918] <... newfstatat resumed>{st_mode=S_IFREG|0644, st_size=44, ...}, 0) = 0
[pid  7917] <... newfstatat resumed>{st_mode=S_IFREG|0644, st_size=133, ...}, 0) = 0
[pid  7918] newfstatat(AT_FDCWD, "/home/zp001/MyRepos/cpp_notes/misc/./variant.cpp",  <unfinished ...>
[pid  7917] newfstatat(AT_FDCWD, "/home/zp001/MyRepos/cpp_notes/misc/./inline.cpp",  <unfinished ...>
[pid  7918] <... newfstatat resumed>{st_mode=S_IFREG|0644, st_size=222, ...}, 0) = 0
[pid  7917] <... newfstatat resumed>{st_mode=S_IFREG|0644, st_size=133, ...}, 0) = 0
[pid  7918] newfstatat(AT_FDCWD, "/home/zp001/MyRepos/cpp_notes/misc/./variant.cpp",  <unfinished ...>
[pid  7917] newfstatat(AT_FDCWD, "/home/zp001/MyRepos/cpp_notes/misc/./inline.c",  <unfinished ...>
[pid  7918] <... newfstatat resumed>{st_mode=S_IFREG|0644, st_size=222, ...}, 0) = 0
[pid  7917] <... newfstatat resumed>{st_mode=S_IFREG|0644, st_size=162, ...}, 0) = 0
[pid  7918] newfstatat(AT_FDCWD, "/home/zp001/MyRepos/cpp_notes/misc/./atomic.cpp",  <unfinished ...>
[pid  7917] newfstatat(AT_FDCWD, "/home/zp001/MyRepos/cpp_notes/misc/./inline.c",  <unfinished ...>
[pid  7918] <... newfstatat resumed>{st_mode=S_IFREG|0644, st_size=147, ...}, 0) = 0
[pid  7917] <... newfstatat resumed>{st_mode=S_IFREG|0644, st_size=162, ...}, 0) = 0
[pid  7918] newfstatat(AT_FDCWD, "/home/zp001/MyRepos/cpp_notes/misc/./atomic.cpp",  <unfinished ...>
[pid  7917] newfstatat(AT_FDCWD, "/home/zp001/MyRepos/cpp_notes/misc/./inline.h",  <unfinished ...>
[pid  7918] <... newfstatat resumed>{st_mode=S_IFREG|0644, st_size=147, ...}, 0) = 0
[pid  7917] <... newfstatat resumed>{st_mode=S_IFREG|0644, st_size=44, ...}, 0) = 0
[pid  7918] newfstatat(AT_FDCWD, "/home/zp001/MyRepos/cpp_notes/misc/./xsbase.h",  <unfinished ...>
[pid  7917] newfstatat(AT_FDCWD, "/home/zp001/MyRepos/cpp_notes/misc/./inline.h",  <unfinished ...>
[pid  7918] <... newfstatat resumed>{st_mode=S_IFREG|0644, st_size=2150, ...}, 0) = 0
[pid  7917] <... newfstatat resumed>{st_mode=S_IFREG|0644, st_size=44, ...}, 0) = 0
[pid  7918] newfstatat(AT_FDCWD, "/home/zp001/MyRepos/cpp_notes/misc/./xsbase.h", {st_mode=S_IFREG|0644, st_size=2150, ...}, 0) = 0
[pid  7917] newfstatat(AT_FDCWD, "/home/zp001/MyRepos/cpp_notes/misc/./variant.cpp",  <unfinished ...>
[pid  7918] newfstatat(AT_FDCWD, "/home/zp001/MyRepos/cpp_notes/misc/./bt.c",  <unfinished ...>
[pid  7917] <... newfstatat resumed>{st_mode=S_IFREG|0644, st_size=222, ...}, 0) = 0
[pid  7918] <... newfstatat resumed>{st_mode=S_IFREG|0644, st_size=780, ...}, 0) = 0
[pid  7917] newfstatat(AT_FDCWD, "/home/zp001/MyRepos/cpp_notes/misc/./variant.cpp",  <unfinished ...>
[pid  7918] newfstatat(AT_FDCWD, "/home/zp001/MyRepos/cpp_notes/misc/./bt.c",  <unfinished ...>
[pid  7917] <... newfstatat resumed>{st_mode=S_IFREG|0644, st_size=222, ...}, 0) = 0
[pid  7918] <... newfstatat resumed>{st_mode=S_IFREG|0644, st_size=780, ...}, 0) = 0
[pid  7917] newfstatat(AT_FDCWD, "/home/zp001/MyRepos/cpp_notes/misc/./atomic.cpp",  <unfinished ...>
[pid  7918] newfstatat(AT_FDCWD, "/home/zp001/MyRepos/cpp_notes/misc/./bt.cpp",  <unfinished ...>
[pid  7917] <... newfstatat resumed>{st_mode=S_IFREG|0644, st_size=147, ...}, 0) = 0
[pid  7918] <... newfstatat resumed>{st_mode=S_IFREG|0644, st_size=229, ...}, 0) = 0
[pid  7917] newfstatat(AT_FDCWD, "/home/zp001/MyRepos/cpp_notes/misc/./atomic.cpp",  <unfinished ...>
[pid  7918] newfstatat(AT_FDCWD, "/home/zp001/MyRepos/cpp_notes/misc/./bt.cpp",  <unfinished ...>
[pid  7917] <... newfstatat resumed>{st_mode=S_IFREG|0644, st_size=147, ...}, 0) = 0
[pid  7918] <... newfstatat resumed>{st_mode=S_IFREG|0644, st_size=229, ...}, 0) = 0
[pid  7917] newfstatat(AT_FDCWD, "/home/zp001/MyRepos/cpp_notes/misc/./xsbase.h",  <unfinished ...>
[pid  7918] newfstatat(AT_FDCWD, "/home/zp001/MyRepos/cpp_notes/misc/./bt_boost.cpp",  <unfinished ...>
[pid  7917] <... newfstatat resumed>{st_mode=S_IFREG|0644, st_size=2150, ...}, 0) = 0
[pid  7918] <... newfstatat resumed>{st_mode=S_IFREG|0644, st_size=32, ...}, 0) = 0
[pid  7918] newfstatat(AT_FDCWD, "/home/zp001/MyRepos/cpp_notes/misc/./bt_boost.cpp",  <unfinished ...>
[pid  7917] newfstatat(AT_FDCWD, "/home/zp001/MyRepos/cpp_notes/misc/./xsbase.h",  <unfinished ...>
[pid  7918] <... newfstatat resumed>{st_mode=S_IFREG|0644, st_size=32, ...}, 0) = 0
[pid  7918] newfstatat(AT_FDCWD, "/home/zp001/MyRepos/cpp_notes/misc/./limits.cpp",  <unfinished ...>
[pid  7917] <... newfstatat resumed>{st_mode=S_IFREG|0644, st_size=2150, ...}, 0) = 0
[pid  7918] <... newfstatat resumed>{st_mode=S_IFREG|0644, st_size=182, ...}, 0) = 0
[pid  7918] newfstatat(AT_FDCWD, "/home/zp001/MyRepos/cpp_notes/misc/./limits.cpp",  <unfinished ...>
[pid  7917] newfstatat(AT_FDCWD, "/home/zp001/MyRepos/cpp_notes/misc/./bt.c",  <unfinished ...>
[pid  7918] <... newfstatat resumed>{st_mode=S_IFREG|0644, st_size=182, ...}, 0) = 0
[pid  7917] <... newfstatat resumed>{st_mode=S_IFREG|0644, st_size=780, ...}, 0) = 0
[pid  7918] newfstatat(AT_FDCWD, "/home/zp001/MyRepos/cpp_notes/misc/./classlayout1.cpp",  <unfinished ...>
[pid  7917] newfstatat(AT_FDCWD, "/home/zp001/MyRepos/cpp_notes/misc/./bt.c",  <unfinished ...>
[pid  7918] <... newfstatat resumed>{st_mode=S_IFREG|0644, st_size=318, ...}, 0) = 0
[pid  7917] <... newfstatat resumed>{st_mode=S_IFREG|0644, st_size=780, ...}, 0) = 0
[pid  7918] newfstatat(AT_FDCWD, "/home/zp001/MyRepos/cpp_notes/misc/./classlayout1.cpp",  <unfinished ...>
[pid  7917] newfstatat(AT_FDCWD, "/home/zp001/MyRepos/cpp_notes/misc/./bt.cpp",  <unfinished ...>
[pid  7918] <... newfstatat resumed>{st_mode=S_IFREG|0644, st_size=318, ...}, 0) = 0
[pid  7917] <... newfstatat resumed>{st_mode=S_IFREG|0644, st_size=229, ...}, 0) = 0
[pid  7918] newfstatat(AT_FDCWD, "/home/zp001/MyRepos/cpp_notes/misc/./op_new.cpp",  <unfinished ...>
[pid  7917] newfstatat(AT_FDCWD, "/home/zp001/MyRepos/cpp_notes/misc/./bt.cpp",  <unfinished ...>
[pid  7918] <... newfstatat resumed>{st_mode=S_IFREG|0644, st_size=767, ...}, 0) = 0
[pid  7917] <... newfstatat resumed>{st_mode=S_IFREG|0644, st_size=229, ...}, 0) = 0
[pid  7918] newfstatat(AT_FDCWD, "/home/zp001/MyRepos/cpp_notes/misc/./op_new.cpp",  <unfinished ...>
[pid  7917] newfstatat(AT_FDCWD, "/home/zp001/MyRepos/cpp_notes/misc/./bt_boost.cpp",  <unfinished ...>
[pid  7918] <... newfstatat resumed>{st_mode=S_IFREG|0644, st_size=767, ...}, 0) = 0
[pid  7917] <... newfstatat resumed>{st_mode=S_IFREG|0644, st_size=32, ...}, 0) = 0
[pid  7918] newfstatat(AT_FDCWD, "/home/zp001/MyRepos/cpp_notes/misc/./optional.cpp",  <unfinished ...>
[pid  7917] newfstatat(AT_FDCWD, "/home/zp001/MyRepos/cpp_notes/misc/./bt_boost.cpp",  <unfinished ...>
[pid  7918] <... newfstatat resumed>{st_mode=S_IFREG|0644, st_size=1429, ...}, 0) = 0
[pid  7917] <... newfstatat resumed>{st_mode=S_IFREG|0644, st_size=32, ...}, 0) = 0
[pid  7918] newfstatat(AT_FDCWD, "/home/zp001/MyRepos/cpp_notes/misc/./optional.cpp",  <unfinished ...>
[pid  7917] newfstatat(AT_FDCWD, "/home/zp001/MyRepos/cpp_notes/misc/./limits.cpp",  <unfinished ...>
[pid  7918] <... newfstatat resumed>{st_mode=S_IFREG|0644, st_size=1429, ...}, 0) = 0
[pid  7917] <... newfstatat resumed>{st_mode=S_IFREG|0644, st_size=182, ...}, 0) = 0
[pid  7918] newfstatat(AT_FDCWD, "/home/zp001/MyRepos/cpp_notes/misc/./vector1.cpp",  <unfinished ...>
[pid  7917] newfstatat(AT_FDCWD, "/home/zp001/MyRepos/cpp_notes/misc/./limits.cpp",  <unfinished ...>
[pid  7918] <... newfstatat resumed>{st_mode=S_IFREG|0644, st_size=1579, ...}, 0) = 0
[pid  7917] <... newfstatat resumed>{st_mode=S_IFREG|0644, st_size=182, ...}, 0) = 0
[pid  7918] newfstatat(AT_FDCWD, "/home/zp001/MyRepos/cpp_notes/misc/./vector1.cpp",  <unfinished ...>
[pid  7917] newfstatat(AT_FDCWD, "/home/zp001/MyRepos/cpp_notes/misc/./classlayout1.cpp",  <unfinished ...>
[pid  7918] <... newfstatat resumed>{st_mode=S_IFREG|0644, st_size=1579, ...}, 0) = 0
[pid  7917] <... newfstatat resumed>{st_mode=S_IFREG|0644, st_size=318, ...}, 0) = 0
[pid  7918] newfstatat(AT_FDCWD, "/home/zp001/MyRepos/cpp_notes/misc/./info.md",  <unfinished ...>
[pid  7917] newfstatat(AT_FDCWD, "/home/zp001/MyRepos/cpp_notes/misc/./classlayout1.cpp",  <unfinished ...>
[pid  7918] <... newfstatat resumed>{st_mode=S_IFREG|0644, st_size=82, ...}, 0) = 0
[pid  7917] <... newfstatat resumed>{st_mode=S_IFREG|0644, st_size=318, ...}, 0) = 0
[pid  7918] newfstatat(AT_FDCWD, "/home/zp001/MyRepos/cpp_notes/misc/./info.md",  <unfinished ...>
[pid  7917] newfstatat(AT_FDCWD, "/home/zp001/MyRepos/cpp_notes/misc/./op_new.cpp",  <unfinished ...>
[pid  7918] <... newfstatat resumed>{st_mode=S_IFREG|0644, st_size=82, ...}, 0) = 0
[pid  7917] <... newfstatat resumed>{st_mode=S_IFREG|0644, st_size=767, ...}, 0) = 0
[pid  7918] newfstatat(AT_FDCWD, "/home/zp001/MyRepos/cpp_notes/misc/./arena.cpp",  <unfinished ...>
[pid  7917] newfstatat(AT_FDCWD, "/home/zp001/MyRepos/cpp_notes/misc/./op_new.cpp",  <unfinished ...>
[pid  7918] <... newfstatat resumed>{st_mode=S_IFREG|0644, st_size=510, ...}, 0) = 0
[pid  7917] <... newfstatat resumed>{st_mode=S_IFREG|0644, st_size=767, ...}, 0) = 0
[pid  7918] newfstatat(AT_FDCWD, "/home/zp001/MyRepos/cpp_notes/misc/./arena.cpp",  <unfinished ...>
[pid  7917] newfstatat(AT_FDCWD, "/home/zp001/MyRepos/cpp_notes/misc/./optional.cpp",  <unfinished ...>
[pid  7918] <... newfstatat resumed>{st_mode=S_IFREG|0644, st_size=510, ...}, 0) = 0
[pid  7917] <... newfstatat resumed>{st_mode=S_IFREG|0644, st_size=1429, ...}, 0) = 0
[pid  7918] newfstatat(AT_FDCWD, "/home/zp001/MyRepos/cpp_notes/misc/./enable_if1.cpp",  <unfinished ...>
[pid  7917] newfstatat(AT_FDCWD, "/home/zp001/MyRepos/cpp_notes/misc/./optional.cpp",  <unfinished ...>
[pid  7918] <... newfstatat resumed>{st_mode=S_IFREG|0644, st_size=239, ...}, 0) = 0
[pid  7917] <... newfstatat resumed>{st_mode=S_IFREG|0644, st_size=1429, ...}, 0) = 0
[pid  7918] newfstatat(AT_FDCWD, "/home/zp001/MyRepos/cpp_notes/misc/./enable_if1.cpp",  <unfinished ...>
[pid  7917] newfstatat(AT_FDCWD, "/home/zp001/MyRepos/cpp_notes/misc/./vector1.cpp",  <unfinished ...>
[pid  7918] <... newfstatat resumed>{st_mode=S_IFREG|0644, st_size=239, ...}, 0) = 0
[pid  7917] <... newfstatat resumed>{st_mode=S_IFREG|0644, st_size=1579, ...}, 0) = 0
[pid  7918] newfstatat(AT_FDCWD, "/home/zp001/MyRepos/cpp_notes/misc/./dir_iter.cpp",  <unfinished ...>
[pid  7917] newfstatat(AT_FDCWD, "/home/zp001/MyRepos/cpp_notes/misc/./vector1.cpp",  <unfinished ...>
[pid  7918] <... newfstatat resumed>{st_mode=S_IFREG|0644, st_size=3528, ...}, 0) = 0
[pid  7917] <... newfstatat resumed>{st_mode=S_IFREG|0644, st_size=1579, ...}, 0) = 0
[pid  7918] newfstatat(AT_FDCWD, "/home/zp001/MyRepos/cpp_notes/misc/./dir_iter.cpp",  <unfinished ...>
[pid  7917] newfstatat(AT_FDCWD, "/home/zp001/MyRepos/cpp_notes/misc/./info.md",  <unfinished ...>
[pid  7918] <... newfstatat resumed>{st_mode=S_IFREG|0644, st_size=3528, ...}, 0) = 0
[pid  7917] <... newfstatat resumed>{st_mode=S_IFREG|0644, st_size=82, ...}, 0) = 0
[pid  7918] newfstatat(AT_FDCWD, "/home/zp001/MyRepos/cpp_notes/misc/./a.out",  <unfinished ...>
[pid  7917] newfstatat(AT_FDCWD, "/home/zp001/MyRepos/cpp_notes/misc/./info.md",  <unfinished ...>
[pid  7918] <... newfstatat resumed>{st_mode=S_IFREG|0755, st_size=652920, ...}, 0) = 0
[pid  7917] <... newfstatat resumed>{st_mode=S_IFREG|0644, st_size=82, ...}, 0) = 0
[pid  7918] newfstatat(AT_FDCWD, "/home/zp001/MyRepos/cpp_notes/misc/./a.out",  <unfinished ...>
[pid  7917] newfstatat(AT_FDCWD, "/home/zp001/MyRepos/cpp_notes/misc/./arena.cpp",  <unfinished ...>
[pid  7918] <... newfstatat resumed>{st_mode=S_IFREG|0755, st_size=652920, ...}, 0) = 0
[pid  7917] <... newfstatat resumed>{st_mode=S_IFREG|0644, st_size=510, ...}, 0) = 0
[pid  7918] newfstatat(AT_FDCWD, "/home/zp001/MyRepos/cpp_notes/misc/./trace.out",  <unfinished ...>
[pid  7917] newfstatat(AT_FDCWD, "/home/zp001/MyRepos/cpp_notes/misc/./arena.cpp",  <unfinished ...>
[pid  7918] <... newfstatat resumed>{st_mode=S_IFREG|0644, st_size=77396, ...}, 0) = 0
[pid  7917] <... newfstatat resumed>{st_mode=S_IFREG|0644, st_size=510, ...}, 0) = 0
[pid  7918] newfstatat(AT_FDCWD, "/home/zp001/MyRepos/cpp_notes/misc/./trace.out",  <unfinished ...>
[pid  7917] newfstatat(AT_FDCWD, "/home/zp001/MyRepos/cpp_notes/misc/./enable_if1.cpp",  <unfinished ...>
[pid  7918] <... newfstatat resumed>{st_mode=S_IFREG|0644, st_size=77775, ...}, 0) = 0
[pid  7917] <... newfstatat resumed>{st_mode=S_IFREG|0644, st_size=239, ...}, 0) = 0
[pid  7918] getdents64(4,  <unfinished ...>
[pid  7917] newfstatat(AT_FDCWD, "/home/zp001/MyRepos/cpp_notes/misc/./enable_if1.cpp",  <unfinished ...>
[pid  7918] <... getdents64 resumed>0x7f01ec000ba0 /* 0 entries */, 32768) = 0
[pid  7917] <... newfstatat resumed>{st_mode=S_IFREG|0644, st_size=239, ...}, 0) = 0
[pid  7918] close(4 <unfinished ...>
[pid  7917] newfstatat(AT_FDCWD, "/home/zp001/MyRepos/cpp_notes/misc/./dir_iter.cpp",  <unfinished ...>
[pid  7918] <... close resumed>)        = 0
[pid  7917] <... newfstatat resumed>{st_mode=S_IFREG|0644, st_size=3528, ...}, 0) = 0
[pid  7918] rt_sigprocmask(SIG_BLOCK, ~[RT_1],  <unfinished ...>
[pid  7917] newfstatat(AT_FDCWD, "/home/zp001/MyRepos/cpp_notes/misc/./dir_iter.cpp",  <unfinished ...>
[pid  7918] <... rt_sigprocmask resumed>NULL, 8) = 0
[pid  7917] <... newfstatat resumed>{st_mode=S_IFREG|0644, st_size=3528, ...}, 0) = 0
[pid  7918] madvise(0x7f01f9e00000, 8368128, MADV_DONTNEED <unfinished ...>
[pid  7917] newfstatat(AT_FDCWD, "/home/zp001/MyRepos/cpp_notes/misc/./a.out",  <unfinished ...>
[pid  7918] <... madvise resumed>)      = 0
[pid  7917] <... newfstatat resumed>{st_mode=S_IFREG|0755, st_size=652920, ...}, 0) = 0
[pid  7918] exit(0 <unfinished ...>
[pid  7917] newfstatat(AT_FDCWD, "/home/zp001/MyRepos/cpp_notes/misc/./a.out",  <unfinished ...>
[pid  7918] <... exit resumed>)         = ?
[pid  7917] <... newfstatat resumed>{st_mode=S_IFREG|0755, st_size=652920, ...}, 0) = 0
[pid  7918] +++ exited with 0 +++
[pid  7917] newfstatat(AT_FDCWD, "/home/zp001/MyRepos/cpp_notes/misc/./trace.out", {st_mode=S_IFREG|0644, st_size=79545, ...}, 0) = 0
[pid  7917] newfstatat(AT_FDCWD, "/home/zp001/MyRepos/cpp_notes/misc/./trace.out", {st_mode=S_IFREG|0644, st_size=79679, ...}, 0) = 0
[pid  7917] getdents64(3, 0x7f01f4000ba0 /* 0 entries */, 32768) = 0
[pid  7917] close(3)                    = 0
[pid  7917] rt_sigprocmask(SIG_BLOCK, ~[RT_1], NULL, 8) = 0
[pid  7917] madvise(0x7f01fa800000, 8368128, MADV_DONTNEED) = 0
[pid  7917] exit(0)                     = ?
[pid  7917] +++ exited with 0 +++
<... futex resumed>)                    = 0
write(1, "/misc/./get_kernel_ver.cFile:  8"..., 2548) = 2548
exit_group(0)                           = ?
+++ exited with 0 +++
